###############################################################################
#
# IAR ELF Linker V7.70.1.11437/W32 for ARM                22/Feb/2017  21:44:45
# Copyright 2007-2016 IAR Systems AB.
#
#    Output file  =  
#        D:\十一届\MCU库\开发\K6X\K6X_IAR_LIB\Prj\IAR\MK64FX512\Exe\My_K6X_Project.out
#    Map file     =  
#        D:\十一届\MCU库\开发\K6X\K6X_IAR_LIB\Prj\IAR\MK64FX512\List\My_K6X_Project.map
#    Command line =  
#        D:\十一届\MCU库\开发\K6X\K6X_IAR_LIB\Prj\IAR\MK64FX512\Obj\App_Init.o
#        D:\十一届\MCU库\开发\K6X\K6X_IAR_LIB\Prj\IAR\MK64FX512\Obj\diskio.o
#        D:\十一届\MCU库\开发\K6X\K6X_IAR_LIB\Prj\IAR\MK64FX512\Obj\Drive_Camera.o
#        D:\十一届\MCU库\开发\K6X\K6X_IAR_LIB\Prj\IAR\MK64FX512\Obj\Drive_CCD.o
#        D:\十一届\MCU库\开发\K6X\K6X_IAR_LIB\Prj\IAR\MK64FX512\Obj\Drive_MPU6050.o
#        D:\十一届\MCU库\开发\K6X\K6X_IAR_LIB\Prj\IAR\MK64FX512\Obj\Drive_Oled.o
#        D:\十一届\MCU库\开发\K6X\K6X_IAR_LIB\Prj\IAR\MK64FX512\Obj\Drive_Oled_Lib.o
#        D:\十一届\MCU库\开发\K6X\K6X_IAR_LIB\Prj\IAR\MK64FX512\Obj\Drive_RTC_Count.o
#        D:\十一届\MCU库\开发\K6X\K6X_IAR_LIB\Prj\IAR\MK64FX512\Obj\ff.o
#        D:\十一届\MCU库\开发\K6X\K6X_IAR_LIB\Prj\IAR\MK64FX512\Obj\Main.o
#        D:\十一届\MCU库\开发\K6X\K6X_IAR_LIB\Prj\IAR\MK64FX512\Obj\MAPS_Dock_I2C.o
#        D:\十一届\MCU库\开发\K6X\K6X_IAR_LIB\Prj\IAR\MK64FX512\Obj\MAPS_Dock_Key.o
#        D:\十一届\MCU库\开发\K6X\K6X_IAR_LIB\Prj\IAR\MK64FX512\Obj\MAPS_Dock_LCM.o
#        D:\十一届\MCU库\开发\K6X\K6X_IAR_LIB\Prj\IAR\MK64FX512\Obj\MAPS_Dock_LED.o
#        D:\十一届\MCU库\开发\K6X\K6X_IAR_LIB\Prj\IAR\MK64FX512\Obj\MAPS_Dock_Rocker.o
#        D:\十一届\MCU库\开发\K6X\K6X_IAR_LIB\Prj\IAR\MK64FX512\Obj\MAPS_Dock_SDCard.o
#        D:\十一届\MCU库\开发\K6X\K6X_IAR_LIB\Prj\IAR\MK64FX512\Obj\MAPS_Dock_W25Q80.o
#        D:\十一届\MCU库\开发\K6X\K6X_IAR_LIB\Prj\IAR\MK64FX512\Obj\MAPS_LCD.o
#        D:\十一届\MCU库\开发\K6X\K6X_IAR_LIB\Prj\IAR\MK64FX512\Obj\MK6X_ADC.o
#        D:\十一届\MCU库\开发\K6X\K6X_IAR_LIB\Prj\IAR\MK64FX512\Obj\MK6X_CAN.o
#        D:\十一届\MCU库\开发\K6X\K6X_IAR_LIB\Prj\IAR\MK64FX512\Obj\MK6X_Conf.o
#        D:\十一届\MCU库\开发\K6X\K6X_IAR_LIB\Prj\IAR\MK64FX512\Obj\MK6X_DAC.o
#        D:\十一届\MCU库\开发\K6X\K6X_IAR_LIB\Prj\IAR\MK64FX512\Obj\MK6X_DELAY.o
#        D:\十一届\MCU库\开发\K6X\K6X_IAR_LIB\Prj\IAR\MK64FX512\Obj\MK6X_DMA.o
#        D:\十一届\MCU库\开发\K6X\K6X_IAR_LIB\Prj\IAR\MK64FX512\Obj\MK6X_DWT.o
#        D:\十一届\MCU库\开发\K6X\K6X_IAR_LIB\Prj\IAR\MK64FX512\Obj\MK6X_FLASH.o
#        D:\十一届\MCU库\开发\K6X\K6X_IAR_LIB\Prj\IAR\MK64FX512\Obj\MK6X_FLEXBUS.o
#        D:\十一届\MCU库\开发\K6X\K6X_IAR_LIB\Prj\IAR\MK64FX512\Obj\MK6X_FTM.o
#        D:\十一届\MCU库\开发\K6X\K6X_IAR_LIB\Prj\IAR\MK64FX512\Obj\MK6X_GPIO.o
#        D:\十一届\MCU库\开发\K6X\K6X_IAR_LIB\Prj\IAR\MK64FX512\Obj\MK6X_I2C.o
#        D:\十一届\MCU库\开发\K6X\K6X_IAR_LIB\Prj\IAR\MK64FX512\Obj\MK6X_I2S.o
#        D:\十一届\MCU库\开发\K6X\K6X_IAR_LIB\Prj\IAR\MK64FX512\Obj\MK6X_It.o
#        D:\十一届\MCU库\开发\K6X\K6X_IAR_LIB\Prj\IAR\MK64FX512\Obj\MK6X_LPTMR.o
#        D:\十一届\MCU库\开发\K6X\K6X_IAR_LIB\Prj\IAR\MK64FX512\Obj\MK6X_MCG.o
#        D:\十一届\MCU库\开发\K6X\K6X_IAR_LIB\Prj\IAR\MK64FX512\Obj\MK6X_Misc.o
#        D:\十一届\MCU库\开发\K6X\K6X_IAR_LIB\Prj\IAR\MK64FX512\Obj\MK6X_PDB.o
#        D:\十一届\MCU库\开发\K6X\K6X_IAR_LIB\Prj\IAR\MK64FX512\Obj\MK6X_PIT.o
#        D:\十一届\MCU库\开发\K6X\K6X_IAR_LIB\Prj\IAR\MK64FX512\Obj\MK6X_PORT.o
#        D:\十一届\MCU库\开发\K6X\K6X_IAR_LIB\Prj\IAR\MK64FX512\Obj\MK6X_RTC.o
#        D:\十一届\MCU库\开发\K6X\K6X_IAR_LIB\Prj\IAR\MK64FX512\Obj\MK6X_SDHC.o
#        D:\十一届\MCU库\开发\K6X\K6X_IAR_LIB\Prj\IAR\MK64FX512\Obj\MK6X_SPI.o
#        D:\十一届\MCU库\开发\K6X\K6X_IAR_LIB\Prj\IAR\MK64FX512\Obj\MK6X_StartUp.o
#        D:\十一届\MCU库\开发\K6X\K6X_IAR_LIB\Prj\IAR\MK64FX512\Obj\MK6X_SystemInit.o
#        D:\十一届\MCU库\开发\K6X\K6X_IAR_LIB\Prj\IAR\MK64FX512\Obj\MK6X_SysTick.o
#        D:\十一届\MCU库\开发\K6X\K6X_IAR_LIB\Prj\IAR\MK64FX512\Obj\MK6X_UART.o
#        D:\十一届\MCU库\开发\K6X\K6X_IAR_LIB\Prj\IAR\MK64FX512\Obj\MK6X_USB.o
#        D:\十一届\MCU库\开发\K6X\K6X_IAR_LIB\Prj\IAR\MK64FX512\Obj\MK6X_Vectors.o
#        D:\十一届\MCU库\开发\K6X\K6X_IAR_LIB\Prj\IAR\MK64FX512\Obj\MK6X_WDOG.o
#        D:\十一届\MCU库\开发\K6X\K6X_IAR_LIB\Prj\IAR\MK64FX512\Obj\USB.o
#        D:\十一届\MCU库\开发\K6X\K6X_IAR_LIB\Prj\IAR\MK64FX512\Obj\USB_CDC.o
#        -o
#        D:\十一届\MCU库\开发\K6X\K6X_IAR_LIB\Prj\IAR\MK64FX512\Exe\My_K6X_Project.out
#        --map
#        D:\十一届\MCU库\开发\K6X\K6X_IAR_LIB\Prj\IAR\MK64FX512\List\My_K6X_Project.map
#        --config "D:\十一届\MCU库\开发\K6X\K6X_IAR_LIB\Prj\IAR\config
#        files\MK64FX512_FLASH.icf" --semihosting
#        D:\十一届\MCU库\开发\K6X\K6X_IAR_LIB\Prj\IAR\..\..\Lib\CMSIS\iar_cortexM4lf_math.a
#        --entry __iar_program_start --vfe
#
###############################################################################

*******************************************************************************
*** RUNTIME MODEL ATTRIBUTES
***

CppFlavor       = *
__Heap_Handler  = Basic
__SystemLibrary = DLib


*******************************************************************************
*** PLACEMENT SUMMARY
***

"A0":  place at 0x00000000 { ro section .intvec };
"A1":  place at 0x00000410 { ro section .noinit };
"P1":  place in [from 0x00000000 to 0x00080000] |
                [from 0x10000000 to 0x10020000] { ro, block CodeRelocate };
"P2":  place in [from 0x1fff0410 to 0x20020000] {
          rw, block CodeRelocateRam, block CSTACK, block HEAP };
initialize manually with packing = copy, complex ranges { section .data };

  Section              Kind        Address    Size  Object
  -------              ----        -------    ----  ------
"A0":                                        0x410
  .intvec              const    0x00000000   0x410  MK6X_Vectors.o [1]
                              - 0x00000410   0x410

"A1":                                         0x3c
  .noinit              ro code  0x00000410    0x3c  MK6X_StartUp.o [1]
                              - 0x0000044c    0x3c

"P1", part 1 of 2:                          0x6488
  .text                ro code  0x0000044c  0x155e  ff.o [1]
  .text                ro code  0x000019ac   0x648  diskio.o [1]
  .text                ro code  0x00001ff4   0x838  MK6X_SDHC.o [1]
  .text                ro code  0x0000282c    0xf8  MK6X_PORT.o [1]
  .text                ro code  0x00002924    0x6c  MK6X_Conf.o [1]
  .text                ro code  0x00002990    0x7c  MK6X_DWT.o [1]
  .text                ro code  0x00002a0c   0x6d6  MAPS_Dock_LCM.o [1]
  .text                ro code  0x000030e4    0x74  MAPS_Dock_LED.o [1]
  .text                ro code  0x00003158   0x498  MK6X_SPI.o [1]
  .text                ro code  0x000035f0    0xfc  MK6X_GPIO.o [1]
  .text                ro code  0x000036ec     0x6  ABImemclr4.o [5]
  .text                ro code  0x000036f4    0x56  ABImemcpy_unaligned.o [5]
  .text                ro code  0x0000374a     0x8  abs.o [3]
  .text                ro code  0x00003754    0x32  ABImemset48.o [5]
  .text                ro code  0x00003788   0x94c  MAPS_LCD.o [1]
  .data_init                    0x000040d4   0x804  <Block>
    Initializer bytes  const    0x000040d4   0x804  <for .data-1>
  .text                ro code  0x000048d8   0x588  MK6X_MCG.o [1]
  .rodata              const    0x00004e60   0x400  MAPS_Dock_LCM.o [1]
  .text                ro code  0x00005260   0x2d8  MK6X_ADC.o [1]
  .text                ro code  0x00005538   0x2b4  MAPS_Dock_Rocker.o [1]
  .text                ro code  0x000057ec   0x234  MK6X_UART.o [1]
  .rodata              const    0x00005a20   0x228  Drive_Oled_Lib.o [1]
  .text                ro code  0x00005c48   0x18c  MK6X_I2C.o [1]
  .text                ro code  0x00005dd4   0x134  MK6X_It.o [1]
  .text                ro code  0x00005f08   0x130  MK6X_SystemInit.o [1]
  .text                ro code  0x00006038    0x2c  MK6X_Misc.o [1]
  .text                ro code  0x00006064    0x44  MK6X_WDOG.o [1]
  .text                ro code  0x000060a8    0x24  Main.o [1]
  .text                ro code  0x000060cc    0xa8  App_Init.o [1]
  .text                ro code  0x00006174   0x114  MAPS_Dock_Key.o [1]
  .text                ro code  0x00006288    0x70  MK6X_PIT.o [1]
  .rodata              const    0x000062f8   0x100  MK6X_SDHC.o [1]
  .rodata              const    0x000063f8    0x80  MK6X_I2C.o [1]
  .rodata              const    0x00006478    0x40  MK6X_SPI.o [1]
  .text                ro code  0x000064b8    0x40  zero_init3.o [5]
  .rodata              const    0x000064f8    0x3c  MK6X_ADC.o [1]
  .rodata              const    0x00006534    0x3c  MK6X_GPIO.o [1]
  .rodata              const    0x00006570    0x3c  MK6X_I2C.o [1]
  .rodata              const    0x000065ac    0x3c  MK6X_MCG.o [1]
  .rodata              const    0x000065e8    0x3c  MK6X_Misc.o [1]
  .rodata              const    0x00006624    0x3c  MK6X_PIT.o [1]
  .rodata              const    0x00006660    0x3c  MK6X_PORT.o [1]
  .rodata              const    0x0000669c    0x3c  MK6X_SDHC.o [1]
  .rodata              const    0x000066d8    0x3c  MK6X_SPI.o [1]
  .rodata              const    0x00006714    0x3c  MK6X_UART.o [1]
  .text                ro code  0x00006750    0x30  iarttio.o [6]
  .text                ro code  0x00006780     0x8  XShttio.o [3]
  .text                ro code  0x00006788    0x28  data_init.o [5]
  .text                ro code  0x000067b0    0x22  fpinit_M.o [4]
  .iar.init_table      const    0x000067d4    0x10  - Linker created -
  .text                ro code  0x000067e4    0x1a  cmain.o [5]
  .text                ro code  0x000067fe     0x4  low_level_init.o [3]
  .text                ro code  0x00006802     0x4  exit.o [3]
  .text                ro code  0x00006808     0xa  cexit.o [5]
  .text                ro code  0x00006814    0x14  exit.o [6]
  .rodata              const    0x00006828    0x10  ff.o [1]
  .rodata              const    0x00006838    0x10  Main.o [1]
  .rodata              const    0x00006848     0xc  MAPS_Dock_Rocker.o [1]
  .rodata              const    0x00006854     0xc  MAPS_Dock_Rocker.o [1]
  .rodata              const    0x00006860     0xc  MAPS_Dock_Rocker.o [1]
  .rodata              const    0x0000686c     0xc  MAPS_Dock_Rocker.o [1]
  .text                ro code  0x00006878     0xc  cstartup_M.o [5]
  .rodata              const    0x00006884     0x8  MAPS_Dock_Key.o [1]
  .rodata              const    0x0000688c     0x8  MAPS_Dock_Key.o [1]
  .rodata              const    0x00006894     0x8  MAPS_Dock_Key.o [1]
  .rodata              const    0x0000689c     0x8  MAPS_Dock_Key.o [1]
  .rodata              const    0x000068a4     0x8  MAPS_Dock_Rocker.o [1]
  .rodata              const    0x000068ac     0x8  MAPS_Dock_Rocker.o [1]
  .rodata              const    0x000068b4     0x8  MAPS_Dock_Rocker.o [1]
  .rodata              const    0x000068bc     0x8  MAPS_Dock_Rocker.o [1]
  .rodata              const    0x000068c4     0x8  MAPS_Dock_Rocker.o [1]
  .rodata              const    0x000068cc     0x4  Main.o [1]
  .rodata              const    0x000068d0     0x4  MK6X_SPI.o [1]
  .rodata              const    0x000068d4     0x0  zero_init3.o [5]
                              - 0x000068d4  0x6488

"P1", part 2 of 2:                             0x0
  CodeRelocate                  0x000068d4     0x0  <Block>

"P2", part 1 of 3:                           0x804
  .data                         0x1fff0410   0x804  <Block>
    .data-1                     0x1fff0410   0x801  <Init block>
      .data            inited   0x1fff0410     0x4  MAPS_Dock_Key.o [1]
      .data            inited   0x1fff0414     0x4  MAPS_Dock_LED.o [1]
      .data            inited   0x1fff0418     0x4  MAPS_Dock_Rocker.o [1]
      .data            inited   0x1fff041c     0x4  MAPS_Dock_Rocker.o [1]
      .data            inited   0x1fff0420     0x4  MAPS_Dock_Rocker.o [1]
      .data            inited   0x1fff0424     0x8  MAPS_Dock_Rocker.o [1]
      .data            inited   0x1fff042c     0x8  MK6X_ADC.o [1]
      .data            inited   0x1fff0434   0x6cc  MK6X_Conf.o [1]
      .data            inited   0x1fff0b00    0x14  MK6X_GPIO.o [1]
      .data            inited   0x1fff0b14     0xc  MK6X_I2C.o [1]
      .data            inited   0x1fff0b20    0xac  MK6X_MCG.o [1]
      .data            inited   0x1fff0bcc     0x4  MK6X_MCG.o [1]
      .data            inited   0x1fff0bd0    0x14  MK6X_PORT.o [1]
      .data            inited   0x1fff0be4     0xc  MK6X_SPI.o [1]
      .data            inited   0x1fff0bf0    0x18  MK6X_UART.o [1]
      .data            inited   0x1fff0c08     0x8  XShttio.o [3]
      .data            inited   0x1fff0c10     0x1  diskio.o [1]
                              - 0x1fff0c14   0x804

"P2", part 2 of 3:                           0x40c
  .bss                          0x1fff0c14   0x40c  <Block>
    .bss               zero     0x1fff0c14     0x4  ff.o [1]
    .bss               zero     0x1fff0c18     0x4  MAPS_Dock_LCM.o [1]
    .bss               zero     0x1fff0c1c     0x4  MAPS_Dock_LCM.o [1]
    .bss               zero     0x1fff0c20     0x4  MAPS_Dock_LCM.o [1]
    .bss               zero     0x1fff0c24     0x4  MAPS_Dock_LCM.o [1]
    .bss               zero     0x1fff0c28     0x4  MAPS_Dock_LCM.o [1]
    .bss               zero     0x1fff0c2c     0x4  MAPS_Dock_Rocker.o [1]
    .bss               zero     0x1fff0c30     0x4  MAPS_Dock_Rocker.o [1]
    .bss               zero     0x1fff0c34   0x3c0  MAPS_LCD.o [1]
    .bss               zero     0x1fff0ff4     0x4  MK6X_It.o [1]
    .bss               zero     0x1fff0ff8     0x4  MK6X_It.o [1]
    .bss               zero     0x1fff0ffc    0x14  MK6X_SDHC.o [1]
    .bss               zero     0x1fff1010     0x4  MK6X_SystemInit.o [1]
    .bss               zero     0x1fff1014     0x4  MK6X_SystemInit.o [1]
    .bss               zero     0x1fff1018     0x2  ff.o [1]
    .bss               zero     0x1fff101a     0x2  MAPS_LCD.o [1]
    .bss               zero     0x1fff101c     0x2  MK6X_SystemInit.o [1]
    .bss               zero     0x1fff101e     0x1  MK6X_It.o [1]
                              - 0x1fff1020   0x40c

"P2", part 3 of 3:                             0x0
  CodeRelocateRam               0x1fff1020     0x0  <Block>


*******************************************************************************
*** INIT TABLE
***

          Address     Size
          -------     ----
Zero (__iar_zero_init3)
    1 destination range, total size 0x40b:
          0x1fff0c14  0x40b



*******************************************************************************
*** MODULE SUMMARY
***

    Module                 ro code  ro data  rw data
    ------                 -------  -------  -------
D:\十一届\MCU库\开发\K6X\K6X_IAR_LIB\Prj\IAR\MK64FX512\Obj: [1]
    App_Init.o                 168
    Drive_Oled_Lib.o                    552
    MAPS_Dock_Key.o            276       36        4
    MAPS_Dock_LCM.o          1 750    1 024       20
    MAPS_Dock_LED.o            116        4        4
    MAPS_Dock_Rocker.o         692      108       28
    MAPS_LCD.o               2 380               962
    MK6X_ADC.o                 728       68        8
    MK6X_Conf.o                108    1 740    1 740
    MK6X_DWT.o                 124
    MK6X_GPIO.o                252       80       20
    MK6X_I2C.o                 396      200       12
    MK6X_It.o                  308                 9
    MK6X_MCG.o               1 416      236      176
    MK6X_Misc.o                 44       60
    MK6X_PIT.o                 112       60
    MK6X_PORT.o                248       80       20
    MK6X_SDHC.o              2 104      316       20
    MK6X_SPI.o               1 176      140       12
    MK6X_StartUp.o              60
    MK6X_SystemInit.o          304                10
    MK6X_UART.o                564       84       24
    MK6X_Vectors.o                    1 040
    MK6X_WDOG.o                 68
    Main.o                      36       20
    diskio.o                 1 608        1        1
    ff.o                     5 470       16        6
    ------------------------------------------------
    Total:                  20 508    5 865    3 076

command line: [2]
    ------------------------------------------------
    Total:

dl7M_tlf.a: [3]
    XShttio.o                    8        8        8
    abs.o                        8
    exit.o                       4
    low_level_init.o             4
    ------------------------------------------------
    Total:                      24        8        8

m7M_tls.a: [4]
    fpinit_M.o                  34
    ------------------------------------------------
    Total:                      34

rt7M_tl.a: [5]
    ABImemclr4.o                 6
    ABImemcpy_unaligned.o       86
    ABImemset48.o               50
    cexit.o                     10
    cmain.o                     26
    cstartup_M.o                12
    data_init.o                 40
    zero_init3.o                64
    ------------------------------------------------
    Total:                     294

shb_l.a: [6]
    exit.o                      20
    iarttio.o                   48
    ------------------------------------------------
    Total:                      68

    Gaps                        14        2
    Linker created                       19
----------------------------------------------------
    Grand Total:            20 942    5 894    3 084


*******************************************************************************
*** ENTRY LIST
***

Entry                      Address   Size  Type      Object
-----                      -------   ----  ----      ------
.bss$$Base              0x1fff0c14          --   Gb  - Linker created -
.bss$$Limit             0x1fff1020          --   Gb  - Linker created -
.data$$Base             0x1fff0410          --   Gb  - Linker created -
.data$$Limit            0x1fff0c14          --   Gb  - Linker created -
.data_init$$Base        0x000040d4          --   Gb  - Linker created -
.data_init$$Limit       0x000048d8          --   Gb  - Linker created -
.iar.init_table$$Base   0x000067d4          --   Gb  - Linker created -
.iar.init_table$$Limit  0x000067e4          --   Gb  - Linker created -
?main                   0x000067e5         Code  Gb  cmain.o [5]
ADCN                    0x1fff042c    0x8  Data  Gb  MK6X_ADC.o [1]
ADC_Convert_Result      0x1fff0ff8    0x4  Data  Gb  MK6X_It.o [1]
ADC_Init                0x00005261  0x22c  Code  Gb  MK6X_ADC.o [1]
ADC_Once                0x000054cf   0x54  Code  Gb  MK6X_ADC.o [1]
ADC_Start               0x0000548d   0x42  Code  Lc  MK6X_ADC.o [1]
AllInit                 0x00006123   0x3e  Code  Gb  App_Init.o [1]
BMP_Buffer              0x1fff0c34  0x3c0  Data  Gb  MAPS_LCD.o [1]
BackColor               0x1fff101a    0x2  Data  Lc  MAPS_LCD.o [1]
CodeRelocate$$Base      0x000068d4          --   Gb  - Linker created -
CodeRelocate$$Limit     0x000068d4          --   Gb  - Linker created -
CodeRelocateRam$$Base   0x1fff1020          --   Gb  - Linker created -
CodeRelocateRam$$Limit  0x1fff1020          --   Gb  - Linker created -
Common_StartUp          0x00005f09   0xa0  Code  Gb  MK6X_SystemInit.o [1]
DWT_Delay_ms            0x000029f5   0x18  Code  Gb  MK6X_DWT.o [1]
DWT_Delay_us            0x00002991   0x54  Code  Gb  MK6X_DWT.o [1]
ESDHC_COMMAND_XFERTYP   0x000062f8  0x100  Data  Gb  MK6X_SDHC.o [1]
FatFs                   0x1fff0c14    0x4  Data  Lc  ff.o [1]
Fsid                    0x1fff1018    0x2  Data  Lc  ff.o [1]
GPIOX                   0x1fff0b00   0x14  Data  Gb  MK6X_GPIO.o [1]
GPIO_Init               0x000035f1   0xae  Code  Gb  MK6X_GPIO.o [1]
GPIO_Turn               0x0000369f   0x46  Code  Gb  MK6X_GPIO.o [1]
I2CN                    0x1fff0b14    0xc  Data  Gb  MK6X_I2C.o [1]
I2C_Init                0x00005c49  0x170  Code  Gb  MK6X_I2C.o [1]
Interrupt_Init          0x00006107   0x1c  Code  Gb  App_Init.o [1]
LCDC_Send_CMD           0x00003789    0x8  Code  Lc  MAPS_LCD.o [1]
LCDC_Send_DATA          0x00003791    0x8  Code  Lc  MAPS_LCD.o [1]
LCM_Freescale_logo      0x00004e60  0x400  Data  Gb  MAPS_Dock_LCM.o [1]
LCM_Hundred             0x1fff0c20    0x4  Data  Gb  MAPS_Dock_LCM.o [1]
LCM_Single              0x1fff0c28    0x4  Data  Gb  MAPS_Dock_LCM.o [1]
LCM_Ten                 0x1fff0c24    0x4  Data  Gb  MAPS_Dock_LCM.o [1]
LCM_TenThousand         0x1fff0c18    0x4  Data  Gb  MAPS_Dock_LCM.o [1]
LCM_Thousand            0x1fff0c1c    0x4  Data  Gb  MAPS_Dock_LCM.o [1]
LCM_Write_CMD           0x00002a0d   0x26  Code  Lc  MAPS_Dock_LCM.o [1]
LCM_Write_DATA          0x00002a33   0x26  Code  Lc  MAPS_Dock_LCM.o [1]
MAPS_Dock_KEY_ALL_Init  0x00006175   0x34  Code  Gb  MAPS_Dock_Key.o [1]
MAPS_Dock_KEY_Incident  0x000061fb   0x72  Code  Gb  MAPS_Dock_Key.o [1]
MAPS_Dock_KEY_KEYn_Check
                        0x000061a9   0x52  Code  Gb  MAPS_Dock_Key.o [1]
MAPS_Dock_KEY_PTXn      0x1fff0410    0x4  Data  Gb  MAPS_Dock_Key.o [1]
MAPS_Dock_LCM_CLS       0x00002a59   0x40  Code  Gb  MAPS_Dock_LCM.o [1]
MAPS_Dock_LCM_DrawBMP   0x00003071   0x72  Code  Gb  MAPS_Dock_LCM.o [1]
MAPS_Dock_LCM_Init      0x00002a99  0x10a  Code  Gb  MAPS_Dock_LCM.o [1]
MAPS_Dock_LCM_Put_Para_6x8
                        0x00002cdb  0x374  Code  Gb  MAPS_Dock_LCM.o [1]
MAPS_Dock_LCM_Put_Str_6x8
                        0x00002bcd  0x10e  Code  Gb  MAPS_Dock_LCM.o [1]
MAPS_Dock_LCM_Set_Pos   0x00002ba3   0x2a  Code  Lc  MAPS_Dock_LCM.o [1]
MAPS_Dock_LED_Init      0x00003111   0x2c  Code  Gb  MAPS_Dock_LED.o [1]
MAPS_Dock_LED_Turn      0x0000313d   0x1c  Code  Gb  MAPS_Dock_LED.o [1]
MAPS_Dock_LEDx_Init     0x000030e5   0x18  Code  Gb  MAPS_Dock_LED.o [1]
MAPS_Dock_LEDx_Turn     0x000030fd   0x10  Code  Gb  MAPS_Dock_LED.o [1]
MAPS_Dock_Rocker_Key_Init
                        0x00005539   0x40  Code  Gb  MAPS_Dock_Rocker.o [1]
MAPS_Dock_Rocker_Key_LCM_Control
                        0x00005579  0x228  Code  Gb  MAPS_Dock_Rocker.o [1]
MAPS_LCDC_BMP_From_SD   0x00003c33  0x45a  Code  Gb  MAPS_LCD.o [1]
MAPS_LCDC_Fill_Color    0x00003799   0x48  Code  Gb  MAPS_LCD.o [1]
MAPS_LCDC_Set_Window    0x00003bbf   0x74  Code  Gb  MAPS_LCD.o [1]
MAPS_LCD_FlexBus_Init   0x000037e1  0x18c  Code  Lc  MAPS_LCD.o [1]
MAPS_LCD_Init           0x0000396d  0x252  Code  Gb  MAPS_LCD.o [1]
MAPS_LED                0x1fff0414    0x4  Data  Gb  MAPS_Dock_LED.o [1]
MCG_DIV                 0x1fff0bcc    0x4  Data  Gb  MK6X_MCG.o [1]
MCG_DIV_Count           0x000048d9  0x432  Code  Gb  MK6X_MCG.o [1]
MCG_PLL                 0x1fff0b20   0xac  Data  Gb  MK6X_MCG.o [1]
MK6X_Bus_KHz            0x1fff1014    0x4  Data  Gb  MK6X_SystemInit.o [1]
MK6X_Core_KHz           0x1fff1010    0x4  Data  Gb  MK6X_SystemInit.o [1]
MK6X_Core_MHz           0x1fff101c    0x2  Data  Gb  MK6X_SystemInit.o [1]
NVIC_DisableIRQ         0x00005de9   0x14  Code  Lc  MK6X_It.o [1]
NVIC_EnableIRQ          0x000060cd   0x14  Code  Lc  App_Init.o [1]
NVIC_EnableIRQ          0x00005dd5   0x14  Code  Lc  MK6X_It.o [1]
NVIC_SetPriority        0x000060e1   0x26  Code  Lc  App_Init.o [1]
Oled_FontLib_6x8        0x00005a20  0x228  Data  Gb  Drive_Oled_Lib.o [1]
PIT0_IRQHandler         0x00005e5d   0x8a  Code  Gb  MK6X_It.o [1]
PIT_Count               0x1fff0ff4    0x4  Data  Gb  MK6X_It.o [1]
PIT_Flag                0x1fff101e    0x1  Data  Gb  MK6X_It.o [1]
PIT_Init                0x00006289   0x60  Code  Gb  MK6X_PIT.o [1]
PLL_Init                0x00004d0b  0x12c  Code  Gb  MK6X_MCG.o [1]
PORTC_PTC19_IRQHandler  0x00005dfd   0x30  Code  Gb  MK6X_It.o [1]
PORTD_PTD15_IRQHandler  0x00005e2d   0x30  Code  Gb  MK6X_It.o [1]
PORTX                   0x1fff0bd0   0x14  Data  Gb  MK6X_PORT.o [1]
PORT_Init               0x0000282d   0xea  Code  Gb  MK6X_PORT.o [1]
Region$$Table$$Base     0x000067d4          --   Gb  - Linker created -
Region$$Table$$Limit    0x000067e4          --   Gb  - Linker created -
Reset_Handler           0x00000411         Code  Gb  MK6X_StartUp.o [1]
Rocker_Key_PTXn         0x1fff0424    0x8  Data  Gb  MAPS_Dock_Rocker.o [1]
Rocker_Key_Switch_Choice_Flag
                        0x1fff0c30    0x4  Data  Gb  MAPS_Dock_Rocker.o [1]
Rocker_Key_Switch_Choice_Stauts
                        0x1fff0c2c    0x4  Data  Gb  MAPS_Dock_Rocker.o [1]
Rocker_Key_Switch_Page  0x1fff0418    0x4  Data  Gb  MAPS_Dock_Rocker.o [1]
Rocker_Key_Switch_Row   0x1fff041c    0x4  Data  Gb  MAPS_Dock_Rocker.o [1]
Rocker_Key_Switch_Row_Old
                        0x1fff0420    0x4  Data  Gb  MAPS_Dock_Rocker.o [1]
SDHC_card               0x1fff0ffc   0x14  Data  Gb  MK6X_SDHC.o [1]
SDHC_cmd                0x000021bd  0x170  Code  Gb  MK6X_SDHC.o [1]
SDHC_init               0x00001ff5   0xf4  Code  Gb  MK6X_SDHC.o [1]
SDHC_ioctl              0x0000232d  0x494  Code  Gb  MK6X_SDHC.o [1]
SDHC_set_baudrate       0x000020e9   0xd4  Code  Gb  MK6X_SDHC.o [1]
SPIN                    0x1fff0be4    0xc  Data  Gb  MK6X_SPI.o [1]
SPI_Init                0x00003159  0x3ae  Code  Gb  MK6X_SPI.o [1]
SPI_Send                0x00003529   0xc0  Code  Gb  MK6X_SPI.o [1]
Start                   0x00005fdb   0x20  Code  Gb  MK6X_SystemInit.o [1]
Stat                    0x1fff0c10    0x1  Data  Lc  diskio.o [1]
SysInit                 0x00005fa9   0x32  Code  Gb  MK6X_SystemInit.o [1]
UARTN                   0x1fff0bf0   0x18  Data  Gb  MK6X_UART.o [1]
UART_Init               0x000057ed  0x1f6  Code  Gb  MK6X_UART.o [1]
UART_PutStr             0x000059e3   0x26  Code  Gb  MK6X_UART.o [1]
Vector_Str              0x1fff0434  0x6cc  Data  Gb  MK6X_Conf.o [1]
WDOG_Disable            0x00006089   0x16  Code  Gb  MK6X_WDOG.o [1]
WDOG_Unlock             0x00006065   0x24  Code  Gb  MK6X_WDOG.o [1]
__BOOT_STACK_ADDRESS {Abs}
                        0x2001fff8         Data  Gb  command line/config [2]
__VECTOR_RAM {Abs}      0x1fff0000         Data  Gb  command line/config [2]
__VECTOR_TABLE {Abs}    0x00000000         Data  Gb  command line/config [2]
__aeabi_memclr4         0x000036ed         Code  Gb  ABImemclr4.o [5]
__cmain                 0x000067e5         Code  Gb  cmain.o [5]
__exit                  0x00006815   0x14  Code  Gb  exit.o [6]
__iar_Memset4_word      0x00003755         Code  Gb  ABImemset48.o [5]
__iar_Memset8_word      0x00003755         Code  Gb  ABImemset48.o [5]
__iar_close_ttio        0x00006751   0x2e  Code  Gb  iarttio.o [6]
__iar_data_init3        0x00006789   0x28  Code  Gb  data_init.o [5]
__iar_init_vfp          0x000067b1         Code  Gb  fpinit_M.o [4]
__iar_lookup_ttioh      0x00006781    0x8  Code  Gb  XShttio.o [3]
__iar_program_start     0x00006879         Code  Gb  cstartup_M.o [5]
__iar_ttio_handles      0x1fff0c08    0x8  Data  Lc  XShttio.o [3]
__iar_unaligned___aeabi_memcpy4
                        0x000036f5         Code  Gb  ABImemcpy_unaligned.o [5]
__iar_unaligned___aeabi_memcpy8
                        0x000036f5         Code  Gb  ABImemcpy_unaligned.o [5]
__iar_zero_init3        0x000064b9   0x40  Code  Gb  zero_init3.o [5]
__low_level_init        0x000067ff    0x4  Code  Gb  low_level_init.o [3]
__vector_table          0x00000000  0x410  Data  Gb  MK6X_Vectors.o [1]
_call_main              0x000067f1         Code  Gb  cmain.o [5]
_exit                   0x00006809         Code  Gb  cexit.o [5]
_main                   0x000067fb         Code  Gb  cmain.o [5]
abs                     0x0000374b    0x8  Code  Gb  abs.o [3]
assert_failed           0x00002925    0x2  Code  Gb  MK6X_Conf.o [1]
check_fs                0x00000e81   0x7a  Code  Lc  ff.o [1]
chk_chr                 0x000004a3   0x1a  Code  Lc  ff.o [1]
chk_mounted             0x00000efb  0x400  Code  Lc  ff.o [1]
clust2sect              0x0000060d   0x1a  Code  Gb  ff.o [1]
create_chain            0x000008bd   0xdc  Code  Lc  ff.o [1]
create_name             0x00000c6b  0x170  Code  Lc  ff.o [1]
default_isr             0x00002927   0x62  Code  Gb  MK6X_Conf.o [1]
dir_find                0x00000b81   0x68  Code  Lc  ff.o [1]
dir_next                0x00000a4f  0x132  Code  Lc  ff.o [1]
dir_register            0x00000be9   0x82  Code  Lc  ff.o [1]
dir_sdi                 0x00000999   0xb6  Code  Lc  ff.o [1]
disk_initialize         0x000019ad  0x280  Code  Gb  diskio.o [1]
disk_ioctl              0x00001f15   0xb0  Code  Gb  diskio.o [1]
disk_read               0x00001ca9   0xca  Code  Gb  diskio.o [1]
disk_status             0x00001fc5   0x12  Code  Gb  diskio.o [1]
disk_write              0x00001dd1  0x144  Code  Gb  diskio.o [1]
exit                    0x00006803    0x4  Code  Gb  exit.o [3]
f_close                 0x000017cb   0x1c  Code  Gb  ff.o [1]
f_lseek                 0x000017e7  0x1c4  Code  Gb  ff.o [1]
f_mount                 0x0000132b   0x32  Code  Gb  ff.o [1]
f_open                  0x00001375  0x1a6  Code  Gb  ff.o [1]
f_read                  0x0000151b  0x1ec  Code  Gb  ff.o [1]
f_sync                  0x00001707   0xc4  Code  Gb  ff.o [1]
follow_path             0x00000ddb   0xa6  Code  Lc  ff.o [1]
get_fat                 0x00000627   0xe2  Code  Gb  ff.o [1]
get_fattime             0x00001ff1    0x4  Code  Gb  diskio.o [1]
main                    0x000060a9   0x24  Code  Gb  Main.o [1]
mem_cmp                 0x0000047f   0x24  Code  Lc  ff.o [1]
mem_cpy                 0x0000044d   0x1c  Code  Lc  ff.o [1]
mem_set                 0x00000469   0x16  Code  Lc  ff.o [1]
move_window             0x000004bd   0x78  Code  Lc  ff.o [1]
put_fat                 0x00000709  0x142  Code  Gb  ff.o [1]
rcvr_datablock          0x00001c2d   0x7c  Code  Lc  diskio.o [1]
remove_chain            0x0000084b   0x72  Code  Lc  ff.o [1]
sync                    0x00000535   0xd8  Code  Lc  ff.o [1]
validate                0x000012fb   0x30  Code  Lc  ff.o [1]
write_vtor              0x00006039   0x22  Code  Gb  MK6X_Misc.o [1]
xmit_datablock          0x00001d73   0x5e  Code  Lc  diskio.o [1]


[1] = D:\十一届\MCU库\开发\K6X\K6X_IAR_LIB\Prj\IAR\MK64FX512\Obj
[2] = command line
[3] = dl7M_tlf.a
[4] = m7M_tls.a
[5] = rt7M_tl.a
[6] = shb_l.a

  20 942 bytes of readonly  code memory
   5 894 bytes of readonly  data memory
   3 084 bytes of readwrite data memory

Errors: none
Warnings: none
